
  .   ____          _            __ _ _
 /\\ / ___'_ __ _ _(_)_ __  __ _ \ \ \ \
( ( )\___ | '_ | '_| | '_ \/ _` | \ \ \ \
 \\/  ___)| |_)| | | | | || (_| |  ) ) ) )
  '  |____| .__|_| |_|_| |_\__, | / / / /
 =========|_|==============|___/=/_/_/_/
 :: Spring Boot ::               (v2.7.10)

2026-05-02 15:59:41.197  INFO 10016 --- [           main] com.niujl.Application                    : Starting Application using Java 1.8.0_202 on DESKTOP-Q9SVI1E with PID 10016 (D:\programe\ApiProvide\target\ApiProvide-1.0-SNAPSHOT.jar started by niujl in D:\programe\ApiProvide)
2026-05-02 15:59:41.200  INFO 10016 --- [           main] com.niujl.Application                    : No active profile set, falling back to 1 default profile: "default"
2026-05-02 15:59:42.283  INFO 10016 --- [           main] o.s.b.w.embedded.tomcat.TomcatWebServer  : Tomcat initialized with port(s): 8080 (http)
2026-05-02 15:59:42.290  INFO 10016 --- [           main] o.apache.catalina.core.StandardService   : Starting service [Tomcat]
2026-05-02 15:59:42.291  INFO 10016 --- [           main] org.apache.catalina.core.StandardEngine  : Starting Servlet engine: [Apache Tomcat/9.0.73]
2026-05-02 15:59:42.378  INFO 10016 --- [           main] o.a.c.c.C.[Tomcat].[localhost].[/]       : Initializing Spring embedded WebApplicationContext
2026-05-02 15:59:42.378  INFO 10016 --- [           main] w.s.c.ServletWebServerApplicationContext : Root WebApplicationContext: initialization completed in 1132 ms
 _ _   |_  _ _|_. ___ _ |    _ 
| | |\/|_)(_| | |_\  |_)||_|_\ 
     /               |         
                        3.4.1 
2026-05-02 15:59:43.707  INFO 10016 --- [           main] o.s.b.w.embedded.tomcat.TomcatWebServer  : Tomcat started on port(s): 8080 (http) with context path ''
2026-05-02 15:59:43.729  INFO 10016 --- [           main] com.niujl.Application                    : Started Application in 2.824 seconds (JVM running for 3.148)
